// Jest Snapshot v1, https://goo.gl/fbAQLP

exports[`<DeleteButton /> can delete DRS Object successfully 1`] = `
<div
  class="makeStyles-div-1"
>
  <button
    aria-label="delete-button"
    class="MuiButtonBase-root MuiButton-root MuiButton-outlined makeStyles-root-2"
    tabindex="0"
    type="button"
  >
    <span
      class="MuiButton-label"
    >
      Delete
      <svg
        aria-hidden="true"
        class="MuiSvgIcon-root"
        focusable="false"
        viewBox="0 0 24 24"
      >
        <path
          d="M6 19c0 1.1.9 2 2 2h8c1.1 0 2-.9 2-2V7H6v12zM19 4h-3.5l-1-1h-5l-1 1H5v2h14V4z"
        />
      </svg>
    </span>
    <span
      class="MuiTouchRipple-root"
    />
  </button>
</div>
`;
