// Jest Snapshot v1, https://goo.gl/fbAQLP

exports[`<AddItemButton /> is disabled 1`] = `
<div>
  <div
    class="MuiGrid-root MuiGrid-container"
  >
    <div
      class="MuiGrid-root MuiGrid-item"
    >
      <span
        class=""
        data-testid="add-item-button-tooltip"
        title="Add AddItemButton test."
      >
        <button
          aria-label="add-AddItemButton test-button"
          class="MuiButtonBase-root MuiIconButton-root MuiIconButton-colorPrimary Mui-disabled Mui-disabled"
          disabled=""
          tabindex="-1"
          type="button"
        >
          <span
            class="MuiIconButton-label"
          >
            <svg
              aria-hidden="true"
              class="MuiSvgIcon-root"
              focusable="false"
              viewBox="0 0 24 24"
            >
              <path
                d="M12 2C6.48 2 2 6.48 2 12s4.48 10 10 10 10-4.48 10-10S17.52 2 12 2zm5 11h-4v4h-2v-4H7v-2h4V7h2v4h4v2z"
              />
            </svg>
          </span>
        </button>
      </span>
    </div>
  </div>
</div>
`;

exports[`<AddItemButton /> is displayed 1`] = `
<div>
  <div
    class="MuiGrid-root MuiGrid-container"
  >
    <div
      class="MuiGrid-root MuiGrid-item"
    >
      <span
        class=""
        data-testid="add-item-button-tooltip"
        title="Add test button."
      >
        <button
          aria-label="add-test button-button"
          class="MuiButtonBase-root MuiIconButton-root MuiIconButton-colorPrimary"
          tabindex="0"
          type="button"
        >
          <span
            class="MuiIconButton-label"
          >
            <svg
              aria-hidden="true"
              class="MuiSvgIcon-root"
              focusable="false"
              viewBox="0 0 24 24"
            >
              <path
                d="M12 2C6.48 2 2 6.48 2 12s4.48 10 10 10 10-4.48 10-10S17.52 2 12 2zm5 11h-4v4h-2v-4H7v-2h4V7h2v4h4v2z"
              />
            </svg>
          </span>
          <span
            class="MuiTouchRipple-root"
          />
        </button>
      </span>
    </div>
  </div>
</div>
`;

exports[`<AddItemButton /> is hidden 1`] = `<div />`;
