// Jest Snapshot v1, https://goo.gl/fbAQLP

exports[`<SpaceDivider /> 1`] = `
<div
  class="MuiBox-root MuiBox-root-1"
>
  <hr
    class="MuiDivider-root"
  />
</div>
`;
